--- START TEST --- 

Simulating Login: Phone=500000001, RequiredType="individual"
Response Status: 200
Response Body: {"status":true,"message":"Login successful","data":{"user":{"id":14,"name":"Test Client","email":"client@test.com","email_verified_at":null,"otp":null,"otp_expires_at":null,"created_at":"2026-01-13T17:41:58.000000Z","updated_at":"2026-03-05T12:59:39.000000Z","type":"individual","phone":"500000001","avatar":null,"status":"blocked","is_online":false,"wallet_balance":"1841.25","fcm_token":null,"blocked_at":null,"city_id":1,"address":"\u0645\u0643\u0629","latitude":"24.81000000","longitude":"46.77000000","notification_enabled":true,"night_mode":false,"language":"ar","individual_customer":{"id":2,"user_id":14,"first_name_ar":"john doe de","first_name_en":"john doe de","last_name_ar":"\u0627\u0644\u0639\u062a\u064a\u0628\u064a","last_name_en":"Al-Otaibi","address":null,"order_count":0,"created_at":"2026-01-13T17:41:58.000000Z","updated_at":"2026-02-16T11:46:01.000000Z"},"corporate_customer":null,"favorites":[{"id":51,"user_id":14,"service_id":2,"created_at":"2026-02-21T23:38:12.000000Z","updated_at":"2026-02-21T23:38:12.000000Z"},{"id":53,"user_id":14,"service_id":16,"created_at":"2026-02-21T23:38:14.000000Z","updated_at":"2026-02-21T23:38:14.000000Z"},{"id":56,"user_id":14,"service_id":24,"created_at":"2026-02-21T23:38:59.000000Z","updated_at":"2026-02-21T23:38:59.000000Z"}],"search_histories":[]},"stats":{"orders_count":18,"wallet_balance":"1841.25"},"access_token":"57|zOCCbn1IZ7qmfxXvZgW0XIG5WGLVgAQRnnwDtRbz709c19a1","token_type":"Bearer"}}

Simulating Login: Phone=500000001, RequiredType="technician"
Response Status: 403
Response Body: {"status":false,"message":"\u0639\u0630\u0631\u0627\u064b\u060c \u0647\u0630\u0627 \u0627\u0644\u062d\u0633\u0627\u0628 \u063a\u064a\u0631 \u0645\u0633\u062c\u0644 \u0643\u0640 \u0641\u0646\u064a."}

Simulating Login: Phone=500000002, RequiredType="technician"
Response Status: 200
Response Body: {"status":true,"message":"Login successful","data":{"user":{"id":18,"name":"Test Technician","email":"tech@test.com","email_verified_at":null,"otp":"1845","otp_expires_at":"2026-01-13T18:38:18.000000Z","created_at":"2026-01-13T18:28:18.000000Z","updated_at":"2026-03-05T12:59:39.000000Z","type":"technician","phone":"500000002","avatar":null,"status":"blocked","is_online":false,"wallet_balance":"0.00","fcm_token":null,"blocked_at":null,"city_id":null,"address":null,"latitude":null,"longitude":null,"notification_enabled":true,"night_mode":false,"language":"ar","technician":{"id":4,"name":null,"user_id":18,"maintenance_company_id":null,"service_id":null,"category_id":null,"districts":null,"bank_name":"Al Rajhi Bank","account_name":"Ahmed Ali Al-Zahrani","account_number":"1234567890123456","bank_address":null,"iban":"SA8080000000123456789012","swift_code":"RJHI SA RI","years_experience":0,"availability_status":"available","order_count":0,"created_at":"2026-01-13T18:28:18.000000Z","updated_at":"2026-01-18T23:28:57.000000Z","name_en":null,"name_ar":null,"bio_en":null,"bio_ar":null,"image":null,"national_id":null,"national_id_image":null,"service":null,"maintenance_company":null}},"stats":{"orders_count":0,"wallet_balance":"0.00"},"access_token":"58|ZMVF5EozuTSGorzePg9exghiIRAR9BbHUElNRyWi3ba4c527","token_type":"Bearer"}}

Simulating Login: Phone=500000002, RequiredType="individual"
Response Status: 403
Response Body: {"status":false,"message":"\u0639\u0630\u0631\u0627\u064b\u060c \u0647\u0630\u0627 \u0627\u0644\u062d\u0633\u0627\u0628 \u063a\u064a\u0631 \u0645\u0633\u062c\u0644 \u0643\u0640 \u0639\u0645\u064a\u0644."}

Simulating Login: Phone=500000001, RequiredType=null
Response Status: 200
Response Body: {"status":true,"message":"Login successful","data":{"user":{"id":14,"name":"Test Client","email":"client@test.com","email_verified_at":null,"otp":null,"otp_expires_at":null,"created_at":"2026-01-13T17:41:58.000000Z","updated_at":"2026-03-05T12:59:39.000000Z","type":"individual","phone":"500000001","avatar":null,"status":"blocked","is_online":false,"wallet_balance":"1841.25","fcm_token":null,"blocked_at":null,"city_id":1,"address":"\u0645\u0643\u0629","latitude":"24.81000000","longitude":"46.77000000","notification_enabled":true,"night_mode":false,"language":"ar","individual_customer":{"id":2,"user_id":14,"first_name_ar":"john doe de","first_name_en":"john doe de","last_name_ar":"\u0627\u0644\u0639\u062a\u064a\u0628\u064a","last_name_en":"Al-Otaibi","address":null,"order_count":0,"created_at":"2026-01-13T17:41:58.000000Z","updated_at":"2026-02-16T11:46:01.000000Z"},"corporate_customer":null,"favorites":[{"id":51,"user_id":14,"service_id":2,"created_at":"2026-02-21T23:38:12.000000Z","updated_at":"2026-02-21T23:38:12.000000Z"},{"id":53,"user_id":14,"service_id":16,"created_at":"2026-02-21T23:38:14.000000Z","updated_at":"2026-02-21T23:38:14.000000Z"},{"id":56,"user_id":14,"service_id":24,"created_at":"2026-02-21T23:38:59.000000Z","updated_at":"2026-02-21T23:38:59.000000Z"}],"search_histories":[]},"stats":{"orders_count":18,"wallet_balance":"1841.25"},"access_token":"59|UVU08MomUhzns5nPdFKAcz5dn5hkziaELDcngE905b660de6","token_type":"Bearer"}}

--- END TEST --- 
